135.125.244.48 - - [22/Jul/2022:00:07:09 +0000] "POST / HTTP/1.1" 200 2211 "-" "Mozilla/5.0 (X11; Linux x86_64) AppleWebKit/537.36 (KHTML, like Gecko) Chrome/81.0.4044.129 Safari/537.36"
135.125.244.48 - - [22/Jul/2022:00:07:09 +0000] "GET /.env HTTP/1.1" 404 490 "-" "Mozilla/5.0 (X11; Linux x86_64) AppleWebKit/537.36 (KHTML, like Gecko) Chrome/81.0.4044.129 Safari/537.36"
95.214.235.205 - - [22/Jul/2022:00:15:29 +0000] "GET /.env HTTP/1.1" 404 490 "-" "Mozilla/5.0 (X11; Linux x86_64) AppleWebKit/537.36 (KHTML, like Gecko) Chrome/81.0.4044.129 Safari/537.36"
95.214.235.205 - - [22/Jul/2022:00:15:30 +0000] "POST / HTTP/1.1" 200 2211 "-" "Mozilla/5.0 (X11; Linux x86_64) AppleWebKit/537.36 (KHTML, like Gecko) Chrome/81.0.4044.129 Safari/537.36"
86.248.33.205 - - [22/Jul/2022:00:37:17 +0000] "GET /phpMyAdmin-5/index.php?lang=en HTTP/1.1" 404 434 "-" "Mozilla/5.0 (Windows NT 10.0; Win64; x64) AppleWebKit/537.36 (KHTML, like Gecko) Chrome/99.0.4844.51 Safari/537.36"
86.248.33.205 - - [22/Jul/2022:00:37:17 +0000] "GET /_phpmyadmin_/index.php?lang=en HTTP/1.1" 404 434 "-" "Mozilla/5.0 (Windows NT 10.0; Win64; x64) AppleWebKit/537.36 (KHTML, like Gecko) Chrome/99.0.4844.51 Safari/537.36"
86.248.33.205 - - [22/Jul/2022:00:37:17 +0000] "GET /phpMyAdmin/index.php?lang=en HTTP/1.1" 404 434 "-" "Mozilla/5.0 (Windows NT 10.0; Win64; x64) AppleWebKit/537.36 (KHTML, like Gecko) Chrome/99.0.4844.51 Safari/537.36"
86.248.33.205 - - [22/Jul/2022:00:37:17 +0000] "GET /sql/sql/index.php?lang=en HTTP/1.1" 404 434 "-" "Mozilla/5.0 (Windows NT 10.0; Win64; x64) AppleWebKit/537.36 (KHTML, like Gecko) Chrome/99.0.4844.51 Safari/537.36"
86.248.33.205 - - [22/Jul/2022:00:37:17 +0000] "GET /db/phpMyAdmin3/index.php?lang=en HTTP/1.1" 404 434 "-" "Mozilla/5.0 (Windows NT 10.0; Win64; x64) AppleWebKit/537.36 (KHTML, like Gecko) Chrome/99.0.4844.51 Safari/537.36"
86.248.33.205 - - [22/Jul/2022:00:37:18 +0000] "GET /phpmyadmin2013/index.php?lang=en HTTP/1.1" 404 434 "-" "Mozilla/5.0 (Windows NT 10.0; Win64; x64) AppleWebKit/537.36 (KHTML, like Gecko) Chrome/99.0.4844.51 Safari/537.36"
86.248.33.205 - - [22/Jul/2022:00:37:18 +0000] "GET /mysql-admin/index.php?lang=en HTTP/1.1" 404 434 "-" "Mozilla/5.0 (Windows NT 10.0; Win64; x64) AppleWebKit/537.36 (KHTML, like Gecko) Chrome/99.0.4844.51 Safari/537.36"
86.248.33.205 - - [22/Jul/2022:00:37:18 +0000] "GET /administrator/pma/index.php?lang=en HTTP/1.1" 404 434 "-" "Mozilla/5.0 (Windows NT 10.0; Win64; x64) AppleWebKit/537.36 (KHTML, like Gecko) Chrome/99.0.4844.51 Safari/537.36"
86.248.33.205 - - [22/Jul/2022:00:37:18 +0000] "GET /sql/websql/index.php?lang=en HTTP/1.1" 404 434 "-" "Mozilla/5.0 (Windows NT 10.0; Win64; x64) AppleWebKit/537.36 (KHTML, like Gecko) Chrome/99.0.4844.51 Safari/537.36"
86.248.33.205 - - [22/Jul/2022:00:37:18 +0000] "GET /phpmyadmin2015/index.php?lang=en HTTP/1.1" 404 434 "-" "Mozilla/5.0 (Windows NT 10.0; Win64; x64) AppleWebKit/537.36 (KHTML, like Gecko) Chrome/99.0.4844.51 Safari/537.36"
86.248.33.205 - - [22/Jul/2022:00:37:18 +0000] "GET /admin/phpMyAdmin/index.php?lang=en HTTP/1.1" 404 434 "-" "Mozilla/5.0 (Windows NT 10.0; Win64; x64) AppleWebKit/537.36 (KHTML, like Gecko) Chrome/99.0.4844.51 Safari/537.36"
86.248.33.205 - - [22/Jul/2022:00:37:18 +0000] "GET /shopdb/index.php?lang=en HTTP/1.1" 404 434 "-" "Mozilla/5.0 (Windows NT 10.0; Win64; x64) AppleWebKit/537.36 (KHTML, like Gecko) Chrome/99.0.4844.51 Safari/537.36"
86.248.33.205 - - [22/Jul/2022:00:37:18 +0000] "GET /db/websql/index.php?lang=en HTTP/1.1" 404 434 "-" "Mozilla/5.0 (Windows NT 10.0; Win64; x64) AppleWebKit/537.36 (KHTML, like Gecko) Chrome/99.0.4844.51 Safari/537.36"
86.248.33.205 - - [22/Jul/2022:00:37:18 +0000] "GET /phpMyAdmin3/index.php?lang=en HTTP/1.1" 404 434 "-" "Mozilla/5.0 (Windows NT 10.0; Win64; x64) AppleWebKit/537.36 (KHTML, like Gecko) Chrome/99.0.4844.51 Safari/537.36"
86.248.33.205 - - [22/Jul/2022:00:37:18 +0000] "GET /sql/myadmin/index.php?lang=en HTTP/1.1" 404 434 "-" "Mozilla/5.0 (Windows NT 10.0; Win64; x64) AppleWebKit/537.36 (KHTML, like Gecko) Chrome/99.0.4844.51 Safari/537.36"
86.248.33.205 - - [22/Jul/2022:00:37:18 +0000] "GET /phpmyadmin2014/index.php?lang=en HTTP/1.1" 404 434 "-" "Mozilla/5.0 (Windows NT 10.0; Win64; x64) AppleWebKit/537.36 (KHTML, like Gecko) Chrome/99.0.4844.51 Safari/537.36"
86.248.33.205 - - [22/Jul/2022:00:37:19 +0000] "GET /mysqladmin/index.php?lang=en HTTP/1.1" 404 434 "-" "Mozilla/5.0 (Windows NT 10.0; Win64; x64) AppleWebKit/537.36 (KHTML, like Gecko) Chrome/99.0.4844.51 Safari/537.36"
86.248.33.205 - - [22/Jul/2022:00:37:19 +0000] "GET /2phpmyadmin/index.php?lang=en HTTP/1.1" 404 434 "-" "Mozilla/5.0 (Windows NT 10.0; Win64; x64) AppleWebKit/537.36 (KHTML, like Gecko) Chrome/99.0.4844.51 Safari/537.36"
86.248.33.205 - - [22/Jul/2022:00:37:19 +0000] "GET /php-myadmin/index.php?lang=en HTTP/1.1" 404 434 "-" "Mozilla/5.0 (Windows NT 10.0; Win64; x64) AppleWebKit/537.36 (KHTML, like Gecko) Chrome/99.0.4844.51 Safari/537.36"
86.248.33.205 - - [22/Jul/2022:00:37:19 +0000] "GET /phpmy/index.php?lang=en HTTP/1.1" 404 434 "-" "Mozilla/5.0 (Windows NT 10.0; Win64; x64) AppleWebKit/537.36 (KHTML, like Gecko) Chrome/99.0.4844.51 Safari/537.36"
86.248.33.205 - - [22/Jul/2022:00:37:19 +0000] "GET /phpmyadmin2012/index.php?lang=en HTTP/1.1" 404 434 "-" "Mozilla/5.0 (Windows NT 10.0; Win64; x64) AppleWebKit/537.36 (KHTML, like Gecko) Chrome/99.0.4844.51 Safari/537.36"
86.248.33.205 - - [22/Jul/2022:00:37:19 +0000] "GET /phpmyadmin2020/index.php?lang=en HTTP/1.1" 404 434 "-" "Mozilla/5.0 (Windows NT 10.0; Win64; x64) AppleWebKit/537.36 (KHTML, like Gecko) Chrome/99.0.4844.51 Safari/537.36"
86.248.33.205 - - [22/Jul/2022:00:37:19 +0000] "GET /mysql/web/index.php?lang=en HTTP/1.1" 404 434 "-" "Mozilla/5.0 (Windows NT 10.0; Win64; x64) AppleWebKit/537.36 (KHTML, like Gecko) Chrome/99.0.4844.51 Safari/537.36"
86.248.33.205 - - [22/Jul/2022:00:37:19 +0000] "GET /phpMyAdmin-5.1.3/index.php?lang=en HTTP/1.1" 404 434 "-" "Mozilla/5.0 (Windows NT 10.0; Win64; x64) AppleWebKit/537.36 (KHTML, like Gecko) Chrome/99.0.4844.51 Safari/537.36"
86.248.33.205 - - [22/Jul/2022:00:37:19 +0000] "GET /myadmin/index.php?lang=en HTTP/1.1" 404 434 "-" "Mozilla/5.0 (Windows NT 10.0; Win64; x64) AppleWebKit/537.36 (KHTML, like Gecko) Chrome/99.0.4844.51 Safari/537.36"
86.248.33.205 - - [22/Jul/2022:00:37:19 +0000] "GET /sql/sql-admin/index.php?lang=en HTTP/1.1" 404 434 "-" "Mozilla/5.0 (Windows NT 10.0; Win64; x64) AppleWebKit/537.36 (KHTML, like Gecko) Chrome/99.0.4844.51 Safari/537.36"
86.248.33.205 - - [22/Jul/2022:00:37:19 +0000] "GET /administrator/admin/index.php?lang=en HTTP/1.1" 404 434 "-" "Mozilla/5.0 (Windows NT 10.0; Win64; x64) AppleWebKit/537.36 (KHTML, like Gecko) Chrome/99.0.4844.51 Safari/537.36"
86.248.33.205 - - [22/Jul/2022:00:37:19 +0000] "GET /admin/pma/index.php?lang=en HTTP/1.1" 404 434 "-" "Mozilla/5.0 (Windows NT 10.0; Win64; x64) AppleWebKit/537.36 (KHTML, like Gecko) Chrome/99.0.4844.51 Safari/537.36"
86.248.33.205 - - [22/Jul/2022:00:37:20 +0000] "GET /pma/index.php?lang=en HTTP/1.1" 404 434 "-" "Mozilla/5.0 (Windows NT 10.0; Win64; x64) AppleWebKit/537.36 (KHTML, like Gecko) Chrome/99.0.4844.51 Safari/537.36"
86.248.33.205 - - [22/Jul/2022:00:37:20 +0000] "GET /phpmyadmin2/index.php?lang=en HTTP/1.1" 404 434 "-" "Mozilla/5.0 (Windows NT 10.0; Win64; x64) AppleWebKit/537.36 (KHTML, like Gecko) Chrome/99.0.4844.51 Safari/537.36"
86.248.33.205 - - [22/Jul/2022:00:37:20 +0000] "GET /administrator/phpMyAdmin/index.php?lang=en HTTP/1.1" 404 434 "-" "Mozilla/5.0 (Windows NT 10.0; Win64; x64) AppleWebKit/537.36 (KHTML, like Gecko) Chrome/99.0.4844.51 Safari/537.36"
86.248.33.205 - - [22/Jul/2022:00:37:20 +0000] "GET /db/webdb/index.php?lang=en HTTP/1.1" 404 434 "-" "Mozilla/5.0 (Windows NT 10.0; Win64; x64) AppleWebKit/537.36 (KHTML, like Gecko) Chrome/99.0.4844.51 Safari/537.36"
86.248.33.205 - - [22/Jul/2022:00:37:20 +0000] "GET /phpMyAdmin-3/index.php?lang=en HTTP/1.1" 404 434 "-" "Mozilla/5.0 (Windows NT 10.0; Win64; x64) AppleWebKit/537.36 (KHTML, like Gecko) Chrome/99.0.4844.51 Safari/537.36"
86.248.33.205 - - [22/Jul/2022:00:37:20 +0000] "GET /database/index.php?lang=en HTTP/1.1" 404 434 "-" "Mozilla/5.0 (Windows NT 10.0; Win64; x64) AppleWebKit/537.36 (KHTML, like Gecko) Chrome/99.0.4844.51 Safari/537.36"
86.248.33.205 - - [22/Jul/2022:00:37:20 +0000] "GET /phpmyadmin2017/index.php?lang=en HTTP/1.1" 404 434 "-" "Mozilla/5.0 (Windows NT 10.0; Win64; x64) AppleWebKit/537.36 (KHTML, like Gecko) Chrome/99.0.4844.51 Safari/537.36"
86.248.33.205 - - [22/Jul/2022:00:37:20 +0000] "GET /phpMyAdmin_/index.php?lang=en HTTP/1.1" 404 434 "-" "Mozilla/5.0 (Windows NT 10.0; Win64; x64) AppleWebKit/537.36 (KHTML, like Gecko) Chrome/99.0.4844.51 Safari/537.36"
86.248.33.205 - - [22/Jul/2022:00:37:20 +0000] "GET /phpmyadmin2019/index.php?lang=en HTTP/1.1" 404 434 "-" "Mozilla/5.0 (Windows NT 10.0; Win64; x64) AppleWebKit/537.36 (KHTML, like Gecko) Chrome/99.0.4844.51 Safari/537.36"
86.248.33.205 - - [22/Jul/2022:00:37:20 +0000] "GET /db/phpmyadmin4/index.php?lang=en HTTP/1.1" 404 434 "-" "Mozilla/5.0 (Windows NT 10.0; Win64; x64) AppleWebKit/537.36 (KHTML, like Gecko) Chrome/99.0.4844.51 Safari/537.36"
86.248.33.205 - - [22/Jul/2022:00:37:20 +0000] "GET /phpMyAdmin-4.9.7/index.php?lang=en HTTP/1.1" 404 434 "-" "Mozilla/5.0 (Windows NT 10.0; Win64; x64) AppleWebKit/537.36 (KHTML, like Gecko) Chrome/99.0.4844.51 Safari/537.36"
86.248.33.205 - - [22/Jul/2022:00:37:21 +0000] "GET /mysql/dbadmin/index.php?lang=en HTTP/1.1" 404 434 "-" "Mozilla/5.0 (Windows NT 10.0; Win64; x64) AppleWebKit/537.36 (KHTML, like Gecko) Chrome/99.0.4844.51 Safari/537.36"
86.248.33.205 - - [22/Jul/2022:00:37:21 +0000] "GET /phpmyadmin3/index.php?lang=en HTTP/1.1" 404 434 "-" "Mozilla/5.0 (Windows NT 10.0; Win64; x64) AppleWebKit/537.36 (KHTML, like Gecko) Chrome/99.0.4844.51 Safari/537.36"
86.248.33.205 - - [22/Jul/2022:00:37:21 +0000] "GET /phpmyadmin/index.php?lang=en HTTP/1.1" 404 434 "-" "Mozilla/5.0 (Windows NT 10.0; Win64; x64) AppleWebKit/537.36 (KHTML, like Gecko) Chrome/99.0.4844.51 Safari/537.36"
86.248.33.205 - - [22/Jul/2022:00:37:21 +0000] "GET /administrator/web/index.php?lang=en HTTP/1.1" 404 434 "-" "Mozilla/5.0 (Windows NT 10.0; Win64; x64) AppleWebKit/537.36 (KHTML, like Gecko) Chrome/99.0.4844.51 Safari/537.36"
86.248.33.205 - - [22/Jul/2022:00:37:21 +0000] "GET /phpmyadmin2016/index.php?lang=en HTTP/1.1" 404 434 "-" "Mozilla/5.0 (Windows NT 10.0; Win64; x64) AppleWebKit/537.36 (KHTML, like Gecko) Chrome/99.0.4844.51 Safari/537.36"
86.248.33.205 - - [22/Jul/2022:00:37:21 +0000] "GET /phpMyAdmin5.2/index.php?lang=en HTTP/1.1" 404 434 "-" "Mozilla/5.0 (Windows NT 10.0; Win64; x64) AppleWebKit/537.36 (KHTML, like Gecko) Chrome/99.0.4844.51 Safari/537.36"
86.248.33.205 - - [22/Jul/2022:00:37:21 +0000] "GET /phpmyadmin4/index.php?lang=en HTTP/1.1" 404 434 "-" "Mozilla/5.0 (Windows NT 10.0; Win64; x64) AppleWebKit/537.36 (KHTML, like Gecko) Chrome/99.0.4844.51 Safari/537.36"
86.248.33.205 - - [22/Jul/2022:00:37:21 +0000] "GET /mysql/sqlmanager/index.php?lang=en HTTP/1.1" 404 434 "-" "Mozilla/5.0 (Windows NT 10.0; Win64; x64) AppleWebKit/537.36 (KHTML, like Gecko) Chrome/99.0.4844.51 Safari/537.36"
86.248.33.205 - - [22/Jul/2022:00:37:21 +0000] "GET /admin/index.php?lang=en HTTP/1.1" 404 434 "-" "Mozilla/5.0 (Windows NT 10.0; Win64; x64) AppleWebKit/537.36 (KHTML, like Gecko) Chrome/99.0.4844.51 Safari/537.36"
86.248.33.205 - - [22/Jul/2022:00:37:21 +0000] "GET /sql/phpmyadmin3/index.php?lang=en HTTP/1.1" 404 434 "-" "Mozilla/5.0 (Windows NT 10.0; Win64; x64) AppleWebKit/537.36 (KHTML, like Gecko) Chrome/99.0.4844.51 Safari/537.36"
86.248.33.205 - - [22/Jul/2022:00:37:21 +0000] "GET /phpMyAdmin-5.2.0/index.php?lang=en HTTP/1.1" 404 434 "-" "Mozilla/5.0 (Windows NT 10.0; Win64; x64) AppleWebKit/537.36 (KHTML, like Gecko) Chrome/99.0.4844.51 Safari/537.36"
86.248.33.205 - - [22/Jul/2022:00:37:21 +0000] "GET /phpMyAdmin-5.1.1/index.php?lang=en HTTP/1.1" 404 434 "-" "Mozilla/5.0 (Windows NT 10.0; Win64; x64) AppleWebKit/537.36 (KHTML, like Gecko) Chrome/99.0.4844.51 Safari/537.36"
86.248.33.205 - - [22/Jul/2022:00:37:22 +0000] "GET /mysql/pma/index.php?lang=en HTTP/1.1" 404 434 "-" "Mozilla/5.0 (Windows NT 10.0; Win64; x64) AppleWebKit/537.36 (KHTML, like Gecko) Chrome/99.0.4844.51 Safari/537.36"
86.248.33.205 - - [22/Jul/2022:00:37:22 +0000] "GET /mysql/mysqlmanager/index.php?lang=en HTTP/1.1" 404 434 "-" "Mozilla/5.0 (Windows NT 10.0; Win64; x64) AppleWebKit/537.36 (KHTML, like Gecko) Chrome/99.0.4844.51 Safari/537.36"
86.248.33.205 - - [22/Jul/2022:00:37:22 +0000] "GET /mysql/index.php?lang=en HTTP/1.1" 404 434 "-" "Mozilla/5.0 (Windows NT 10.0; Win64; x64) AppleWebKit/537.36 (KHTML, like Gecko) Chrome/99.0.4844.51 Safari/537.36"
86.248.33.205 - - [22/Jul/2022:00:37:22 +0000] "GET /phpmy-admin/index.php?lang=en HTTP/1.1" 404 434 "-" "Mozilla/5.0 (Windows NT 10.0; Win64; x64) AppleWebKit/537.36 (KHTML, like Gecko) Chrome/99.0.4844.51 Safari/537.36"
86.248.33.205 - - [22/Jul/2022:00:37:22 +0000] "GET /sql/sqlweb/index.php?lang=en HTTP/1.1" 404 434 "-" "Mozilla/5.0 (Windows NT 10.0; Win64; x64) AppleWebKit/537.36 (KHTML, like Gecko) Chrome/99.0.4844.51 Safari/537.36"
86.248.33.205 - - [22/Jul/2022:00:37:22 +0000] "GET /phpmyadmin2021/index.php?lang=en HTTP/1.1" 404 434 "-" "Mozilla/5.0 (Windows NT 10.0; Win64; x64) AppleWebKit/537.36 (KHTML, like Gecko) Chrome/99.0.4844.51 Safari/537.36"
86.248.33.205 - - [22/Jul/2022:00:37:22 +0000] "GET /dbadmin/index.php?lang=en HTTP/1.1" 404 434 "-" "Mozilla/5.0 (Windows NT 10.0; Win64; x64) AppleWebKit/537.36 (KHTML, like Gecko) Chrome/99.0.4844.51 Safari/537.36"
86.248.33.205 - - [22/Jul/2022:00:37:22 +0000] "GET /sql/phpMyAdmin2/index.php?lang=en HTTP/1.1" 404 434 "-" "Mozilla/5.0 (Windows NT 10.0; Win64; x64) AppleWebKit/537.36 (KHTML, like Gecko) Chrome/99.0.4844.51 Safari/537.36"
86.248.33.205 - - [22/Jul/2022:00:37:22 +0000] "GET /sql/phpmyadmin4/index.php?lang=en HTTP/1.1" 404 434 "-" "Mozilla/5.0 (Windows NT 10.0; Win64; x64) AppleWebKit/537.36 (KHTML, like Gecko) Chrome/99.0.4844.51 Safari/537.36"
86.248.33.205 - - [22/Jul/2022:00:37:22 +0000] "GET /db/phpmyadmin/index.php?lang=en HTTP/1.1" 404 434 "-" "Mozilla/5.0 (Windows NT 10.0; Win64; x64) AppleWebKit/537.36 (KHTML, like Gecko) Chrome/99.0.4844.51 Safari/537.36"
86.248.33.205 - - [22/Jul/2022:00:37:22 +0000] "GET /db/phpMyAdmin-4/index.php?lang=en HTTP/1.1" 404 434 "-" "Mozilla/5.0 (Windows NT 10.0; Win64; x64) AppleWebKit/537.36 (KHTML, like Gecko) Chrome/99.0.4844.51 Safari/537.36"
86.248.33.205 - - [22/Jul/2022:00:37:23 +0000] "GET /administrator/phpmyadmin/index.php?lang=en HTTP/1.1" 404 434 "-" "Mozilla/5.0 (Windows NT 10.0; Win64; x64) AppleWebKit/537.36 (KHTML, like Gecko) Chrome/99.0.4844.51 Safari/537.36"
86.248.33.205 - - [22/Jul/2022:00:37:23 +0000] "GET /mysql/admin/index.php?lang=en HTTP/1.1" 404 434 "-" "Mozilla/5.0 (Windows NT 10.0; Win64; x64) AppleWebKit/537.36 (KHTML, like Gecko) Chrome/99.0.4844.51 Safari/537.36"
86.248.33.205 - - [22/Jul/2022:00:37:23 +0000] "GET /admin/sysadmin/index.php?lang=en HTTP/1.1" 404 434 "-" "Mozilla/5.0 (Windows NT 10.0; Win64; x64) AppleWebKit/537.36 (KHTML, like Gecko) Chrome/99.0.4844.51 Safari/537.36"
86.248.33.205 - - [22/Jul/2022:00:37:23 +0000] "GET /_phpMyAdmin/index.php?lang=en HTTP/1.1" 404 434 "-" "Mozilla/5.0 (Windows NT 10.0; Win64; x64) AppleWebKit/537.36 (KHTML, like Gecko) Chrome/99.0.4844.51 Safari/537.36"
86.248.33.205 - - [22/Jul/2022:00:37:23 +0000] "GET /phpmyadmin_/index.php?lang=en HTTP/1.1" 404 434 "-" "Mozilla/5.0 (Windows NT 10.0; Win64; x64) AppleWebKit/537.36 (KHTML, like Gecko) Chrome/99.0.4844.51 Safari/537.36"
86.248.33.205 - - [22/Jul/2022:00:37:23 +0000] "GET /sqlmanager/index.php?lang=en HTTP/1.1" 404 434 "-" "Mozilla/5.0 (Windows NT 10.0; Win64; x64) AppleWebKit/537.36 (KHTML, like Gecko) Chrome/99.0.4844.51 Safari/537.36"
86.248.33.205 - - [22/Jul/2022:00:37:23 +0000] "GET /wp-content/plugins/portable-phpmyadmin/wp-pma-mod/index.php?lang=en HTTP/1.1" 404 434 "-" "Mozilla/5.0 (Windows NT 10.0; Win64; x64) AppleWebKit/537.36 (KHTML, like Gecko) Chrome/99.0.4844.51 Safari/537.36"
86.248.33.205 - - [22/Jul/2022:00:37:23 +0000] "GET /db/db-admin/index.php?lang=en HTTP/1.1" 404 434 "-" "Mozilla/5.0 (Windows NT 10.0; Win64; x64) AppleWebKit/537.36 (KHTML, like Gecko) Chrome/99.0.4844.51 Safari/537.36"
86.248.33.205 - - [22/Jul/2022:00:37:23 +0000] "GET /mysqlmanager/index.php?lang=en HTTP/1.1" 404 434 "-" "Mozilla/5.0 (Windows NT 10.0; Win64; x64) AppleWebKit/537.36 (KHTML, like Gecko) Chrome/99.0.4844.51 Safari/537.36"
86.248.33.205 - - [22/Jul/2022:00:37:23 +0000] "GET /phpmyadmin2011/index.php?lang=en HTTP/1.1" 404 434 "-" "Mozilla/5.0 (Windows NT 10.0; Win64; x64) AppleWebKit/537.36 (KHTML, like Gecko) Chrome/99.0.4844.51 Safari/537.36"
86.248.33.205 - - [22/Jul/2022:00:37:23 +0000] "GET /phpMyAdmin-5.1.2/index.php?lang=en HTTP/1.1" 404 434 "-" "Mozilla/5.0 (Windows NT 10.0; Win64; x64) AppleWebKit/537.36 (KHTML, like Gecko) Chrome/99.0.4844.51 Safari/537.36"
86.248.33.205 - - [22/Jul/2022:00:37:24 +0000] "GET /sql/webdb/index.php?lang=en HTTP/1.1" 404 434 "-" "Mozilla/5.0 (Windows NT 10.0; Win64; x64) AppleWebKit/537.36 (KHTML, like Gecko) Chrome/99.0.4844.51 Safari/537.36"
86.248.33.205 - - [22/Jul/2022:00:37:24 +0000] "GET /db/phpMyAdmin/index.php?lang=en HTTP/1.1" 404 434 "-" "Mozilla/5.0 (Windows NT 10.0; Win64; x64) AppleWebKit/537.36 (KHTML, like Gecko) Chrome/99.0.4844.51 Safari/537.36"
86.248.33.205 - - [22/Jul/2022:00:37:24 +0000] "GET /phppma/index.php?lang=en HTTP/1.1" 404 434 "-" "Mozilla/5.0 (Windows NT 10.0; Win64; x64) AppleWebKit/537.36 (KHTML, like Gecko) Chrome/99.0.4844.51 Safari/537.36"
86.248.33.205 - - [22/Jul/2022:00:37:24 +0000] "GET /php-my-admin/index.php?lang=en HTTP/1.1" 404 434 "-" "Mozilla/5.0 (Windows NT 10.0; Win64; x64) AppleWebKit/537.36 (KHTML, like Gecko) Chrome/99.0.4844.51 Safari/537.36"
86.248.33.205 - - [22/Jul/2022:00:37:24 +0000] "GET /admin/web/index.php?lang=en HTTP/1.1" 404 434 "-" "Mozilla/5.0 (Windows NT 10.0; Win64; x64) AppleWebKit/537.36 (KHTML, like Gecko) Chrome/99.0.4844.51 Safari/537.36"
86.248.33.205 - - [22/Jul/2022:00:37:24 +0000] "GET /mysql/db/index.php?lang=en HTTP/1.1" 404 434 "-" "Mozilla/5.0 (Windows NT 10.0; Win64; x64) AppleWebKit/537.36 (KHTML, like Gecko) Chrome/99.0.4844.51 Safari/537.36"
86.248.33.205 - - [22/Jul/2022:00:37:24 +0000] "GET /sql/webadmin/index.php?lang=en HTTP/1.1" 404 434 "-" "Mozilla/5.0 (Windows NT 10.0; Win64; x64) AppleWebKit/537.36 (KHTML, like Gecko) Chrome/99.0.4844.51 Safari/537.36"
86.248.33.205 - - [22/Jul/2022:00:37:24 +0000] "GET /db/phpmyadmin3/index.php?lang=en HTTP/1.1" 404 434 "-" "Mozilla/5.0 (Windows NT 10.0; Win64; x64) AppleWebKit/537.36 (KHTML, like Gecko) Chrome/99.0.4844.51 Safari/537.36"
86.248.33.205 - - [22/Jul/2022:00:37:24 +0000] "GET /sql/phpmanager/index.php?lang=en HTTP/1.1" 404 434 "-" "Mozilla/5.0 (Windows NT 10.0; Win64; x64) AppleWebKit/537.36 (KHTML, like Gecko) Chrome/99.0.4844.51 Safari/537.36"
86.248.33.205 - - [22/Jul/2022:00:37:24 +0000] "GET /phpMyadmin/index.php?lang=en HTTP/1.1" 404 434 "-" "Mozilla/5.0 (Windows NT 10.0; Win64; x64) AppleWebKit/537.36 (KHTML, like Gecko) Chrome/99.0.4844.51 Safari/537.36"
86.248.33.205 - - [22/Jul/2022:00:37:24 +0000] "GET /phpMyAdmin-5.1.0/index.php?lang=en HTTP/1.1" 404 434 "-" "Mozilla/5.0 (Windows NT 10.0; Win64; x64) AppleWebKit/537.36 (KHTML, like Gecko) Chrome/99.0.4844.51 Safari/537.36"
86.248.33.205 - - [22/Jul/2022:00:37:24 +0000] "GET /phpMyAdmin-4/index.php?lang=en HTTP/1.1" 404 434 "-" "Mozilla/5.0 (Windows NT 10.0; Win64; x64) AppleWebKit/537.36 (KHTML, like Gecko) Chrome/99.0.4844.51 Safari/537.36"
86.248.33.205 - - [22/Jul/2022:00:37:25 +0000] "GET /phpmyadmin1/index.php?lang=en HTTP/1.1" 404 434 "-" "Mozilla/5.0 (Windows NT 10.0; Win64; x64) AppleWebKit/537.36 (KHTML, like Gecko) Chrome/99.0.4844.51 Safari/537.36"
86.248.33.205 - - [22/Jul/2022:00:37:25 +0000] "GET /sql/sqladmin/index.php?lang=en HTTP/1.1" 404 434 "-" "Mozilla/5.0 (Windows NT 10.0; Win64; x64) AppleWebKit/537.36 (KHTML, like Gecko) Chrome/99.0.4844.51 Safari/537.36"
86.248.33.205 - - [22/Jul/2022:00:37:25 +0000] "GET /_phpmyadmin/index.php?lang=en HTTP/1.1" 404 434 "-" "Mozilla/5.0 (Windows NT 10.0; Win64; x64) AppleWebKit/537.36 (KHTML, like Gecko) Chrome/99.0.4844.51 Safari/537.36"
86.248.33.205 - - [22/Jul/2022:00:37:25 +0000] "GET /db/index.php?lang=en HTTP/1.1" 404 434 "-" "Mozilla/5.0 (Windows NT 10.0; Win64; x64) AppleWebKit/537.36 (KHTML, like Gecko) Chrome/99.0.4844.51 Safari/537.36"
86.248.33.205 - - [22/Jul/2022:00:37:25 +0000] "GET /db/myadmin/index.php?lang=en HTTP/1.1" 404 434 "-" "Mozilla/5.0 (Windows NT 10.0; Win64; x64) AppleWebKit/537.36 (KHTML, like Gecko) Chrome/99.0.4844.51 Safari/537.36"
86.248.33.205 - - [22/Jul/2022:00:37:25 +0000] "GET /administrator/db/index.php?lang=en HTTP/1.1" 404 434 "-" "Mozilla/5.0 (Windows NT 10.0; Win64; x64) AppleWebKit/537.36 (KHTML, like Gecko) Chrome/99.0.4844.51 Safari/537.36"
86.248.33.205 - - [22/Jul/2022:00:37:25 +0000] "GET /db/phpmyadmin5/index.php?lang=en HTTP/1.1" 404 434 "-" "Mozilla/5.0 (Windows NT 10.0; Win64; x64) AppleWebKit/537.36 (KHTML, like Gecko) Chrome/99.0.4844.51 Safari/537.36"
86.248.33.205 - - [22/Jul/2022:00:37:25 +0000] "GET /db/phpMyAdmin-5/index.php?lang=en HTTP/1.1" 404 434 "-" "Mozilla/5.0 (Windows NT 10.0; Win64; x64) AppleWebKit/537.36 (KHTML, like Gecko) Chrome/99.0.4844.51 Safari/537.36"
86.248.33.205 - - [22/Jul/2022:00:37:25 +0000] "GET /sql/php-myadmin/index.php?lang=en HTTP/1.1" 404 434 "-" "Mozilla/5.0 (Windows NT 10.0; Win64; x64) AppleWebKit/537.36 (KHTML, like Gecko) Chrome/99.0.4844.51 Safari/537.36"
86.248.33.205 - - [22/Jul/2022:00:37:25 +0000] "GET /sql/phpmyadmin5/index.php?lang=en HTTP/1.1" 404 434 "-" "Mozilla/5.0 (Windows NT 10.0; Win64; x64) AppleWebKit/537.36 (KHTML, like Gecko) Chrome/99.0.4844.51 Safari/537.36"
86.248.33.205 - - [22/Jul/2022:00:37:25 +0000] "GET /1phpmyadmin/index.php?lang=en HTTP/1.1" 404 434 "-" "Mozilla/5.0 (Windows NT 10.0; Win64; x64) AppleWebKit/537.36 (KHTML, like Gecko) Chrome/99.0.4844.51 Safari/537.36"
86.248.33.205 - - [22/Jul/2022:00:37:26 +0000] "GET /phpMyAdmin1/index.php?lang=en HTTP/1.1" 404 434 "-" "Mozilla/5.0 (Windows NT 10.0; Win64; x64) AppleWebKit/537.36 (KHTML, like Gecko) Chrome/99.0.4844.51 Safari/537.36"
86.248.33.205 - - [22/Jul/2022:00:37:26 +0000] "GET /db/dbweb/index.php?lang=en HTTP/1.1" 404 434 "-" "Mozilla/5.0 (Windows NT 10.0; Win64; x64) AppleWebKit/537.36 (KHTML, like Gecko) Chrome/99.0.4844.51 Safari/537.36"
86.248.33.205 - - [22/Jul/2022:00:37:26 +0000] "GET /db/phpMyAdmin-3/index.php?lang=en HTTP/1.1" 404 434 "-" "Mozilla/5.0 (Windows NT 10.0; Win64; x64) AppleWebKit/537.36 (KHTML, like Gecko) Chrome/99.0.4844.51 Safari/537.36"
86.248.33.205 - - [22/Jul/2022:00:37:26 +0000] "GET /phpmyAdmin/index.php?lang=en HTTP/1.1" 404 434 "-" "Mozilla/5.0 (Windows NT 10.0; Win64; x64) AppleWebKit/537.36 (KHTML, like Gecko) Chrome/99.0.4844.51 Safari/537.36"
86.248.33.205 - - [22/Jul/2022:00:37:26 +0000] "GET /phpMyAdmin5/index.php?lang=en HTTP/1.1" 404 453 "-" "Mozilla/5.0 (Windows NT 10.0; Win64; x64) AppleWebKit/537.36 (KHTML, like Gecko) Chrome/99.0.4844.51 Safari/537.36"
86.248.33.205 - - [22/Jul/2022:00:37:26 +0000] "GET /phpMyAdmin2/index.php?lang=en HTTP/1.1" 404 434 "-" "Mozilla/5.0 (Windows NT 10.0; Win64; x64) AppleWebKit/537.36 (KHTML, like Gecko) Chrome/99.0.4844.51 Safari/537.36"
86.248.33.205 - - [22/Jul/2022:00:37:26 +0000] "GET /phpmyadmin5/index.php?lang=en HTTP/1.1" 404 434 "-" "Mozilla/5.0 (Windows NT 10.0; Win64; x64) AppleWebKit/537.36 (KHTML, like Gecko) Chrome/99.0.4844.51 Safari/537.36"
86.248.33.205 - - [22/Jul/2022:00:37:26 +0000] "GET /phpMyAdmin4/index.php?lang=en HTTP/1.1" 404 434 "-" "Mozilla/5.0 (Windows NT 10.0; Win64; x64) AppleWebKit/537.36 (KHTML, like Gecko) Chrome/99.0.4844.51 Safari/537.36"
86.248.33.205 - - [22/Jul/2022:00:37:26 +0000] "GET /program/index.php?lang=en HTTP/1.1" 404 434 "-" "Mozilla/5.0 (Windows NT 10.0; Win64; x64) AppleWebKit/537.36 (KHTML, like Gecko) Chrome/99.0.4844.51 Safari/537.36"
86.248.33.205 - - [22/Jul/2022:00:37:26 +0000] "GET /admin/sqladmin/index.php?lang=en HTTP/1.1" 404 434 "-" "Mozilla/5.0 (Windows NT 10.0; Win64; x64) AppleWebKit/537.36 (KHTML, like Gecko) Chrome/99.0.4844.51 Safari/537.36"
86.248.33.205 - - [22/Jul/2022:00:37:26 +0000] "GET /phpMyAdmin5.1/index.php?lang=en HTTP/1.1" 404 434 "-" "Mozilla/5.0 (Windows NT 10.0; Win64; x64) AppleWebKit/537.36 (KHTML, like Gecko) Chrome/99.0.4844.51 Safari/537.36"
86.248.33.205 - - [22/Jul/2022:00:37:27 +0000] "GET /administrator/PMA/index.php?lang=en HTTP/1.1" 404 434 "-" "Mozilla/5.0 (Windows NT 10.0; Win64; x64) AppleWebKit/537.36 (KHTML, like Gecko) Chrome/99.0.4844.51 Safari/537.36"
86.248.33.205 - - [22/Jul/2022:00:37:27 +0000] "GET /sql/phpMyAdmin/index.php?lang=en HTTP/1.1" 404 434 "-" "Mozilla/5.0 (Windows NT 10.0; Win64; x64) AppleWebKit/537.36 (KHTML, like Gecko) Chrome/99.0.4844.51 Safari/537.36"
86.248.33.205 - - [22/Jul/2022:00:37:27 +0000] "GET /MyAdmin/index.php?lang=en HTTP/1.1" 404 434 "-" "Mozilla/5.0 (Windows NT 10.0; Win64; x64) AppleWebKit/537.36 (KHTML, like Gecko) Chrome/99.0.4844.51 Safari/537.36"
86.248.33.205 - - [22/Jul/2022:00:37:27 +0000] "GET /admin/db/index.php?lang=en HTTP/1.1" 404 434 "-" "Mozilla/5.0 (Windows NT 10.0; Win64; x64) AppleWebKit/537.36 (KHTML, like Gecko) Chrome/99.0.4844.51 Safari/537.36"
86.248.33.205 - - [22/Jul/2022:00:37:27 +0000] "GET /mysql/pMA/index.php?lang=en HTTP/1.1" 404 434 "-" "Mozilla/5.0 (Windows NT 10.0; Win64; x64) AppleWebKit/537.36 (KHTML, like Gecko) Chrome/99.0.4844.51 Safari/537.36"
86.248.33.205 - - [22/Jul/2022:00:37:27 +0000] "GET /sql/phpmy-admin/index.php?lang=en HTTP/1.1" 404 434 "-" "Mozilla/5.0 (Windows NT 10.0; Win64; x64) AppleWebKit/537.36 (KHTML, like Gecko) Chrome/99.0.4844.51 Safari/537.36"
86.248.33.205 - - [22/Jul/2022:00:37:27 +0000] "GET /phpmyadmin2022/index.php?lang=en HTTP/1.1" 404 434 "-" "Mozilla/5.0 (Windows NT 10.0; Win64; x64) AppleWebKit/537.36 (KHTML, like Gecko) Chrome/99.0.4844.51 Safari/537.36"
86.248.33.205 - - [22/Jul/2022:00:37:27 +0000] "GET /db/webadmin/index.php?lang=en HTTP/1.1" 404 434 "-" "Mozilla/5.0 (Windows NT 10.0; Win64; x64) AppleWebKit/537.36 (KHTML, like Gecko) Chrome/99.0.4844.51 Safari/537.36"
86.248.33.205 - - [22/Jul/2022:00:37:27 +0000] "GET /phpmyadmin2018/index.php?lang=en HTTP/1.1" 404 434 "-" "Mozilla/5.0 (Windows NT 10.0; Win64; x64) AppleWebKit/537.36 (KHTML, like Gecko) Chrome/99.0.4844.51 Safari/537.36"
86.248.33.205 - - [22/Jul/2022:00:37:27 +0000] "GET /admin/phpmyadmin/index.php?lang=en HTTP/1.1" 404 434 "-" "Mozilla/5.0 (Windows NT 10.0; Win64; x64) AppleWebKit/537.36 (KHTML, like Gecko) Chrome/99.0.4844.51 Safari/537.36"
86.248.33.205 - - [22/Jul/2022:00:37:27 +0000] "GET /PMA/index.php?lang=en HTTP/1.1" 404 434 "-" "Mozilla/5.0 (Windows NT 10.0; Win64; x64) AppleWebKit/537.36 (KHTML, like Gecko) Chrome/99.0.4844.51 Safari/537.36"
86.248.33.205 - - [22/Jul/2022:00:37:28 +0000] "GET /db/dbadmin/index.php?lang=en HTTP/1.1" 404 434 "-" "Mozilla/5.0 (Windows NT 10.0; Win64; x64) AppleWebKit/537.36 (KHTML, like Gecko) Chrome/99.0.4844.51 Safari/537.36"
51.195.39.40 - - [22/Jul/2022:00:37:35 +0000] "\x16\x03\x01" 400 503 "-" "-"
51.195.39.40 - - [22/Jul/2022:00:37:36 +0000] "GET /phpmyadmin/index.php HTTP/1.1" 404 453 "-" "Mozilla/5.0 (Windows; U; Windows NT 5.1; en-US) AppleWebKit/531.21.8 (KHTML, like Gecko) Version/4.0.4 Safari/531.21.10"
185.7.214.104 - - [22/Jul/2022:00:46:20 +0000] "GET /?a=fetch&content=<php>die(@md5(HelloThinkCMF))</php> HTTP/1.1" 200 2174 "-" "Mozilla/5.0 (Windows NT 10.0; Win64; x64) AppleWebKit/537.36 (KHTML, like Gecko) Chrome/78.0.3904.108 Safari/537.36"
45.61.186.139 - - [22/Jul/2022:00:52:22 +0000] "GET /config/getuser?index=0 HTTP/1.1" 404 453 "-" "Mozilla/5.0 (X11; Ubuntu; Linux x86_64; rv:76.0) Gecko/20100101 Firefox/76.0"
185.7.214.104 - - [22/Jul/2022:01:14:44 +0000] "GET /?XDEBUG_SESSION_START=phpstorm HTTP/1.1" 200 2174 "-" "Mozilla/5.0 (Windows NT 10.0; Win64; x64) AppleWebKit/537.36 (KHTML, like Gecko) Chrome/78.0.3904.108 Safari/537.36"
135.125.244.48 - - [22/Jul/2022:01:37:08 +0000] "POST / HTTP/1.1" 200 2211 "-" "Mozilla/5.0 (X11; Linux x86_64) AppleWebKit/537.36 (KHTML, like Gecko) Chrome/81.0.4044.129 Safari/537.36"
135.125.244.48 - - [22/Jul/2022:01:37:08 +0000] "GET /.env HTTP/1.1" 404 490 "-" "Mozilla/5.0 (X11; Linux x86_64) AppleWebKit/537.36 (KHTML, like Gecko) Chrome/81.0.4044.129 Safari/537.36"
95.214.235.205 - - [22/Jul/2022:01:45:59 +0000] "GET /.env HTTP/1.1" 404 490 "-" "Mozilla/5.0 (X11; Linux x86_64) AppleWebKit/537.36 (KHTML, like Gecko) Chrome/81.0.4044.129 Safari/537.36"
95.214.235.205 - - [22/Jul/2022:01:45:59 +0000] "POST / HTTP/1.1" 200 2211 "-" "Mozilla/5.0 (X11; Linux x86_64) AppleWebKit/537.36 (KHTML, like Gecko) Chrome/81.0.4044.129 Safari/537.36"
185.7.214.104 - - [22/Jul/2022:02:07:05 +0000] "GET /console/ HTTP/1.1" 404 453 "-" "Mozilla/5.0 (Windows NT 10.0; Win64; x64) AppleWebKit/537.36 (KHTML, like Gecko) Chrome/78.0.3904.108 Safari/537.36"
192.241.220.95 - - [22/Jul/2022:02:42:32 +0000] "GET / HTTP/1.1" 200 2155 "-" "Mozilla/5.0 zgrab/0.x"
185.7.214.104 - - [22/Jul/2022:03:02:21 +0000] "POST /Autodiscover/Autodiscover.xml HTTP/1.1" 404 453 "-" "Mozilla/5.0 (Windows NT 10.0; Win64; x64) AppleWebKit/537.36 (KHTML, like Gecko) Chrome/78.0.3904.108 Safari/537.36"
135.125.244.48 - - [22/Jul/2022:03:06:36 +0000] "POST / HTTP/1.1" 200 2211 "-" "Mozilla/5.0 (X11; Linux x86_64) AppleWebKit/537.36 (KHTML, like Gecko) Chrome/81.0.4044.129 Safari/537.36"
135.125.244.48 - - [22/Jul/2022:03:06:37 +0000] "GET /.env HTTP/1.1" 404 490 "-" "Mozilla/5.0 (X11; Linux x86_64) AppleWebKit/537.36 (KHTML, like Gecko) Chrome/81.0.4044.129 Safari/537.36"
163.123.143.71 - - [22/Jul/2022:03:11:29 +0000] "POST /boaform/admin/formLogin HTTP/1.1" 404 490 "http://3.86.166.71:80/admin/login.asp" "Mozilla/5.0 (X11; Ubuntu; Linux x86_64; rv:71.0) Gecko/20100101 Firefox/71.0"
95.214.235.205 - - [22/Jul/2022:03:14:37 +0000] "GET /.env HTTP/1.1" 404 490 "-" "Mozilla/5.0 (X11; Linux x86_64) AppleWebKit/537.36 (KHTML, like Gecko) Chrome/81.0.4044.129 Safari/537.36"
95.214.235.205 - - [22/Jul/2022:03:14:38 +0000] "POST / HTTP/1.1" 200 2211 "-" "Mozilla/5.0 (X11; Linux x86_64) AppleWebKit/537.36 (KHTML, like Gecko) Chrome/81.0.4044.129 Safari/537.36"
185.7.214.104 - - [22/Jul/2022:04:04:06 +0000] "GET /_ignition/execute-solution HTTP/1.1" 404 453 "-" "Mozilla/5.0 (Windows NT 10.0; Win64; x64) AppleWebKit/537.36 (KHTML, like Gecko) Chrome/78.0.3904.108 Safari/537.36"
185.189.182.234 - - [22/Jul/2022:04:27:54 +0000] "GET / HTTP/1.1" 400 503 "-" "-"
135.125.244.48 - - [22/Jul/2022:04:36:23 +0000] "POST / HTTP/1.1" 200 2211 "-" "Mozilla/5.0 (X11; Linux x86_64) AppleWebKit/537.36 (KHTML, like Gecko) Chrome/81.0.4044.129 Safari/537.36"
135.125.244.48 - - [22/Jul/2022:04:36:24 +0000] "GET /.env HTTP/1.1" 404 490 "-" "Mozilla/5.0 (X11; Linux x86_64) AppleWebKit/537.36 (KHTML, like Gecko) Chrome/81.0.4044.129 Safari/537.36"
185.7.214.104 - - [22/Jul/2022:04:36:34 +0000] "GET / HTTP/1.1" 200 2174 "-" "Mozilla/5.0 (Windows NT 10.0; Win64; x64) AppleWebKit/537.36 (KHTML, like Gecko) Chrome/78.0.3904.108 Safari/537.36"
95.214.235.205 - - [22/Jul/2022:04:45:02 +0000] "GET /.env HTTP/1.1" 404 490 "-" "Mozilla/5.0 (X11; Linux x86_64) AppleWebKit/537.36 (KHTML, like Gecko) Chrome/81.0.4044.129 Safari/537.36"
95.214.235.205 - - [22/Jul/2022:04:45:02 +0000] "POST / HTTP/1.1" 200 2211 "-" "Mozilla/5.0 (X11; Linux x86_64) AppleWebKit/537.36 (KHTML, like Gecko) Chrome/81.0.4044.129 Safari/537.36"
185.220.101.136 - - [22/Jul/2022:05:27:41 +0000] "GET http://169.254.169.254/latest/meta-data/ HTTP/1.1" 404 457 "-" "Mozilla/5.0 (Windows NT 10.0; Win64; x64) AppleWebKit/537.36 (KHTML, like Gecko) Chrome/95.0.4638.69 Safari/537.36"
185.7.214.104 - - [22/Jul/2022:05:28:13 +0000] "POST /cgi-bin/.%2e/.%2e/.%2e/.%2e/bin/sh HTTP/1.1" 400 485 "-" "Mozilla/5.0 (Windows NT 10.0; Win64; x64) AppleWebKit/537.36 (KHTML, like Gecko) Chrome/78.0.3904.108 Safari/537.36"
45.61.186.139 - - [22/Jul/2022:05:37:16 +0000] "GET /config/getuser?index=0 HTTP/1.1" 404 453 "-" "Mozilla/5.0 (X11; Ubuntu; Linux x86_64; rv:76.0) Gecko/20100101 Firefox/76.0"
185.7.214.104 - - [22/Jul/2022:05:37:48 +0000] "GET / HTTP/1.1" 200 2174 "-" "Mozilla/5.0 (Windows NT 10.0; Win64; x64) AppleWebKit/537.36 (KHTML, like Gecko) Chrome/78.0.3904.108 Safari/537.36"
95.214.235.205 - - [22/Jul/2022:06:15:23 +0000] "GET /.env HTTP/1.1" 404 490 "-" "Mozilla/5.0 (X11; Linux x86_64) AppleWebKit/537.36 (KHTML, like Gecko) Chrome/81.0.4044.129 Safari/537.36"
95.214.235.205 - - [22/Jul/2022:06:15:23 +0000] "POST / HTTP/1.1" 200 2211 "-" "Mozilla/5.0 (X11; Linux x86_64) AppleWebKit/537.36 (KHTML, like Gecko) Chrome/81.0.4044.129 Safari/537.36"
135.125.217.54 - - [22/Jul/2022:06:43:56 +0000] "POST / HTTP/1.1" 200 2211 "-" "Mozilla/5.0 (X11; Linux x86_64) AppleWebKit/537.36 (KHTML, like Gecko) Chrome/81.0.4044.129 Safari/537.36"
135.125.217.54 - - [22/Jul/2022:06:43:57 +0000] "GET /.env HTTP/1.1" 404 490 "-" "Mozilla/5.0 (X11; Linux x86_64) AppleWebKit/537.36 (KHTML, like Gecko) Chrome/81.0.4044.129 Safari/537.36"
163.123.143.71 - - [22/Jul/2022:06:44:36 +0000] "POST /boaform/admin/formLogin HTTP/1.1" 404 490 "http://3.86.166.71:80/admin/login.asp" "Mozilla/5.0 (X11; Ubuntu; Linux x86_64; rv:71.0) Gecko/20100101 Firefox/71.0"
216.83.53.34 - - [22/Jul/2022:06:46:01 +0000] "GET / HTTP/1.1" 200 2155 "-" "Mozilla/5.0 (Windows NT 10.0; Win64; x64) AppleWebKit/537.36 (KHTML, like Gecko) Chrome/74.0.3729.169 Safari/537.36"
139.162.240.220 - - [22/Jul/2022:06:56:06 +0000] "GET / HTTP/1.1" 200 2155 "-" "Mozilla/5.0 (Windows NT 6.1; WOW64; rv:8.0) Gecko/20100101 Firefox/8.0"
185.196.220.70 - - [22/Jul/2022:07:41:35 +0000] "GET / HTTP/1.1" 200 2174 "-" "Linux Gnu (cow)"
95.214.235.205 - - [22/Jul/2022:07:45:35 +0000] "GET /.env HTTP/1.1" 404 490 "-" "Mozilla/5.0 (X11; Linux x86_64) AppleWebKit/537.36 (KHTML, like Gecko) Chrome/81.0.4044.129 Safari/537.36"
95.214.235.205 - - [22/Jul/2022:07:45:35 +0000] "POST / HTTP/1.1" 200 2211 "-" "Mozilla/5.0 (X11; Linux x86_64) AppleWebKit/537.36 (KHTML, like Gecko) Chrome/81.0.4044.129 Safari/537.36"
206.189.1.63 - - [22/Jul/2022:07:47:55 +0000] "GET / HTTP/1.1" 200 6767 "-" "Mozilla/5.0 (Windows NT 10.0; Win64; x64) AppleWebKit/537.36 (KHTML, like Gecko) Chrome/70.0.3538.77 Safari/537.36"
212.192.242.22 - - [22/Jul/2022:07:57:50 +0000] "GET / HTTP/1.1" 200 2174 "-" "Linux Gnu (cow)"
154.127.53.86 - - [22/Jul/2022:07:58:28 +0000] "GET /.env HTTP/1.1" 404 490 "-" "Mozilla/5.0 (X11; Linux x86_64) AppleWebKit/537.36 (KHTML, like Gecko) Chrome/81.0.4044.129 Safari/537.36"
154.127.53.86 - - [22/Jul/2022:07:58:29 +0000] "POST / HTTP/1.1" 200 2211 "-" "Mozilla/5.0 (X11; Linux x86_64) AppleWebKit/537.36 (KHTML, like Gecko) Chrome/81.0.4044.129 Safari/537.36"
51.254.59.113 - - [22/Jul/2022:08:14:51 +0000] "GET / HTTP/1.1" 200 6767 "-" "Mozilla/5.0 (Windows NT 6.1) AppleWebKit/537.36 (KHTML, like Gecko) Chrome/41.0.2228.0 Safari/537.36"
135.125.217.54 - - [22/Jul/2022:08:20:30 +0000] "POST / HTTP/1.1" 200 2211 "-" "Mozilla/5.0 (X11; Linux x86_64) AppleWebKit/537.36 (KHTML, like Gecko) Chrome/81.0.4044.129 Safari/537.36"
135.125.217.54 - - [22/Jul/2022:08:20:30 +0000] "GET /.env HTTP/1.1" 404 490 "-" "Mozilla/5.0 (X11; Linux x86_64) AppleWebKit/537.36 (KHTML, like Gecko) Chrome/81.0.4044.129 Safari/537.36"
95.214.235.205 - - [22/Jul/2022:09:16:58 +0000] "GET /.env HTTP/1.1" 404 490 "-" "Mozilla/5.0 (X11; Linux x86_64) AppleWebKit/537.36 (KHTML, like Gecko) Chrome/81.0.4044.129 Safari/537.36"
95.214.235.205 - - [22/Jul/2022:09:16:58 +0000] "POST / HTTP/1.1" 200 2211 "-" "Mozilla/5.0 (X11; Linux x86_64) AppleWebKit/537.36 (KHTML, like Gecko) Chrome/81.0.4044.129 Safari/537.36"
124.156.219.253 - - [22/Jul/2022:09:39:07 +0000] "GET / HTTP/1.1" 200 2155 "-" "'Mozilla/5.0"
128.14.232.100 - - [22/Jul/2022:09:47:27 +0000] "GET / HTTP/1.1" 200 6748 "-" "curl/7.64.1"
209.141.42.155 - - [22/Jul/2022:09:47:34 +0000] "GET / HTTP/1.1" 200 2211 "-" "Mozilla/5.0 (Macintosh; Intel Mac OS X 10_15_7) AppleWebKit/537.36 (KHTML, like Gecko) Chrome/96.0.4664.110 Safari/537.36"
209.141.42.155 - - [22/Jul/2022:09:47:34 +0000] "GET /favicon.ico HTTP/1.1" 404 489 "-" "Mozilla/5.0 (Macintosh; Intel Mac OS X 10_15_7) AppleWebKit/537.36 (KHTML, like Gecko) Chrome/96.0.4664.110 Safari/537.36"
135.125.217.54 - - [22/Jul/2022:09:52:35 +0000] "POST / HTTP/1.1" 200 2211 "-" "Mozilla/5.0 (X11; Linux x86_64) AppleWebKit/537.36 (KHTML, like Gecko) Chrome/81.0.4044.129 Safari/537.36"
135.125.217.54 - - [22/Jul/2022:09:52:35 +0000] "GET /.env HTTP/1.1" 404 490 "-" "Mozilla/5.0 (X11; Linux x86_64) AppleWebKit/537.36 (KHTML, like Gecko) Chrome/81.0.4044.129 Safari/537.36"
154.127.53.86 - - [22/Jul/2022:09:59:21 +0000] "GET /.env HTTP/1.1" 404 490 "-" "Mozilla/5.0 (X11; Linux x86_64) AppleWebKit/537.36 (KHTML, like Gecko) Chrome/81.0.4044.129 Safari/537.36"
154.127.53.86 - - [22/Jul/2022:09:59:23 +0000] "POST / HTTP/1.1" 200 2211 "-" "Mozilla/5.0 (X11; Linux x86_64) AppleWebKit/537.36 (KHTML, like Gecko) Chrome/81.0.4044.129 Safari/537.36"
154.127.53.86 - - [22/Jul/2022:09:59:26 +0000] "GET /vendor/phpunit/phpunit/src/Util/PHP/eval-stdin.php HTTP/1.1" 404 490 "-" "Mozilla/5.0 (Macintosh; Intel Mac OS X 10_10_1) AppleWebKit/537.36 (KHTML, like Gecko) Chrome/39.0.2171.95 Safari/537.36"
95.214.235.205 - - [22/Jul/2022:10:47:35 +0000] "GET /.env HTTP/1.1" 404 490 "-" "Mozilla/5.0 (X11; Linux x86_64) AppleWebKit/537.36 (KHTML, like Gecko) Chrome/81.0.4044.129 Safari/537.36"
95.214.235.205 - - [22/Jul/2022:10:47:36 +0000] "POST / HTTP/1.1" 200 2211 "-" "Mozilla/5.0 (X11; Linux x86_64) AppleWebKit/537.36 (KHTML, like Gecko) Chrome/81.0.4044.129 Safari/537.36"
163.123.143.71 - - [22/Jul/2022:11:09:57 +0000] "POST /boaform/admin/formLogin HTTP/1.1" 404 490 "http://3.86.166.71:80/admin/login.asp" "Mozilla/5.0 (X11; Ubuntu; Linux x86_64; rv:71.0) Gecko/20100101 Firefox/71.0"
135.125.217.54 - - [22/Jul/2022:11:24:16 +0000] "POST / HTTP/1.1" 200 2211 "-" "Mozilla/5.0 (X11; Linux x86_64) AppleWebKit/537.36 (KHTML, like Gecko) Chrome/81.0.4044.129 Safari/537.36"
135.125.217.54 - - [22/Jul/2022:11:24:16 +0000] "GET /.env HTTP/1.1" 404 490 "-" "Mozilla/5.0 (X11; Linux x86_64) AppleWebKit/537.36 (KHTML, like Gecko) Chrome/81.0.4044.129 Safari/537.36"
103.95.13.145 - - [22/Jul/2022:12:04:58 +0000] "GET /.env HTTP/1.1" 404 490 "-" "Mozilla/5.0 (X11; Linux x86_64) AppleWebKit/537.36 (KHTML, like Gecko) Chrome/81.0.4044.129 Safari/537.36"
103.95.13.145 - - [22/Jul/2022:12:05:00 +0000] "POST / HTTP/1.1" 200 2211 "-" "Mozilla/5.0 (X11; Linux x86_64) AppleWebKit/537.36 (KHTML, like Gecko) Chrome/81.0.4044.129 Safari/537.36"
95.214.235.205 - - [22/Jul/2022:12:17:44 +0000] "GET /.env HTTP/1.1" 404 490 "-" "Mozilla/5.0 (X11; Linux x86_64) AppleWebKit/537.36 (KHTML, like Gecko) Chrome/81.0.4044.129 Safari/537.36"
95.214.235.205 - - [22/Jul/2022:12:17:44 +0000] "POST / HTTP/1.1" 200 2211 "-" "Mozilla/5.0 (X11; Linux x86_64) AppleWebKit/537.36 (KHTML, like Gecko) Chrome/81.0.4044.129 Safari/537.36"
45.143.200.118 - - [22/Jul/2022:12:53:00 +0000] "\x03" 400 503 "-" "-"
135.125.217.54 - - [22/Jul/2022:12:54:49 +0000] "POST / HTTP/1.1" 200 2211 "-" "Mozilla/5.0 (X11; Linux x86_64) AppleWebKit/537.36 (KHTML, like Gecko) Chrome/81.0.4044.129 Safari/537.36"
135.125.217.54 - - [22/Jul/2022:12:54:49 +0000] "GET /.env HTTP/1.1" 404 490 "-" "Mozilla/5.0 (X11; Linux x86_64) AppleWebKit/537.36 (KHTML, like Gecko) Chrome/81.0.4044.129 Safari/537.36"
95.214.235.205 - - [22/Jul/2022:13:46:52 +0000] "GET /.env HTTP/1.1" 404 490 "-" "Mozilla/5.0 (X11; Linux x86_64) AppleWebKit/537.36 (KHTML, like Gecko) Chrome/81.0.4044.129 Safari/537.36"
95.214.235.205 - - [22/Jul/2022:13:46:53 +0000] "POST / HTTP/1.1" 200 2211 "-" "Mozilla/5.0 (X11; Linux x86_64) AppleWebKit/537.36 (KHTML, like Gecko) Chrome/81.0.4044.129 Safari/537.36"
135.125.217.54 - - [22/Jul/2022:14:26:39 +0000] "POST / HTTP/1.1" 200 2211 "-" "Mozilla/5.0 (X11; Linux x86_64) AppleWebKit/537.36 (KHTML, like Gecko) Chrome/81.0.4044.129 Safari/537.36"
135.125.217.54 - - [22/Jul/2022:14:26:39 +0000] "GET /.env HTTP/1.1" 404 490 "-" "Mozilla/5.0 (X11; Linux x86_64) AppleWebKit/537.36 (KHTML, like Gecko) Chrome/81.0.4044.129 Safari/537.36"
45.148.10.81 - - [22/Jul/2022:14:28:38 +0000] "GET http://example.com/ HTTP/1.1" 200 2155 "-" "Go-http-client/1.1"
184.105.247.252 - - [22/Jul/2022:14:45:48 +0000] "GET / HTTP/1.1" 200 6748 "-" "-"
185.180.143.11 - - [22/Jul/2022:14:53:07 +0000] "GET / HTTP/1.1" 200 2155 "-" "Mozilla/5.0 (Windows NT 10.0; Win64; x64) AppleWebKit/537.36 (KHTML, like Gecko) Chrome/60.0.3112.113 Safari/537.36"
95.214.235.205 - - [22/Jul/2022:15:17:33 +0000] "GET /.env HTTP/1.1" 404 490 "-" "Mozilla/5.0 (X11; Linux x86_64) AppleWebKit/537.36 (KHTML, like Gecko) Chrome/81.0.4044.129 Safari/537.36"
95.214.235.205 - - [22/Jul/2022:15:17:33 +0000] "POST / HTTP/1.1" 200 2211 "-" "Mozilla/5.0 (X11; Linux x86_64) AppleWebKit/537.36 (KHTML, like Gecko) Chrome/81.0.4044.129 Safari/537.36"
178.79.169.97 - - [22/Jul/2022:15:35:06 +0000] "GET / HTTP/1.1" 200 2155 "-" "Mozilla/5.0 (Windows NT 6.1; WOW64; rv:8.0) Gecko/20100101 Firefox/8.0"
179.43.155.171 - - [22/Jul/2022:15:37:07 +0000] "\x16\x03\x01" 400 503 "-" "-"
179.43.155.171 - - [22/Jul/2022:15:37:08 +0000] "GET /.aws/credentials HTTP/1.1" 404 453 "-" "Mozilla/5.0 (X11; Linux x86_64; rv:19.0) Gecko/20100101 Firefox/19.0 Iceweasel/19.0.2"
135.125.217.54 - - [22/Jul/2022:15:56:31 +0000] "POST / HTTP/1.1" 200 2211 "-" "Mozilla/5.0 (X11; Linux x86_64) AppleWebKit/537.36 (KHTML, like Gecko) Chrome/81.0.4044.129 Safari/537.36"
135.125.217.54 - - [22/Jul/2022:15:56:31 +0000] "GET /.env HTTP/1.1" 404 490 "-" "Mozilla/5.0 (X11; Linux x86_64) AppleWebKit/537.36 (KHTML, like Gecko) Chrome/81.0.4044.129 Safari/537.36"
